// Jest Snapshot v1, https://goo.gl/fbAQLP

exports[`VideoList renders 1`] = `[Function]`;
